Removed Pin From Net: NetName=VCC5V Pin=C2-1
Removed Pin From Net: NetName=GND Pin=C3-1
Removed Pin From Net: NetName=VCC12V Pin=C3-2
Removed Pin From Net: NetName=GND Pin=C4-1
Removed Pin From Net: NetName=VCC12V Pin=C4-2
Removed Pin From Net: NetName=VCC12V Pin=C5-2
Removed Pin From Net: NetName=VCC12V Pin=C6-2
Removed Pin From Net: NetName=VCC5V Pin=C7-2
Removed Pin From Net: NetName=VCC5V Pin=C8-2
Removed Pin From Net: NetName=GND Pin=C9-1
Removed Pin From Net: NetName=VCC5V Pin=C9-2
Removed Pin From Net: NetName=GND Pin=C10-1
Removed Pin From Net: NetName=VCC5V Pin=C10-2
Removed Pin From Net: NetName=GND Pin=C11-1
Removed Pin From Net: NetName=GND Pin=C12-1
Removed Pin From Net: NetName=VBUS Pin=C12-2
Removed Pin From Net: NetName=GND Pin=C13-1
Removed Pin From Net: NetName=VBUS Pin=C13-2
Removed Pin From Net: NetName=GND Pin=C14-1
Removed Pin From Net: NetName=VCC1V0 Pin=C14-2
Removed Pin From Net: NetName=GND Pin=C15-1
Removed Pin From Net: NetName=VCC1V0 Pin=C15-2
Removed Pin From Net: NetName=GND Pin=C16-1
Removed Pin From Net: NetName=VCC3V3 Pin=C16-2
Removed Pin From Net: NetName=GND Pin=C17-1
Removed Pin From Net: NetName=VCC3V3 Pin=C17-2
Removed Pin From Net: NetName=VCC5V Pin=J1-P7
Removed Pin From Net: NetName=VCC5V Pin=J1-P8
Removed Pin From Net: NetName=VCC5V Pin=J1-P9
Removed Pin From Net: NetName=VCC5V Pin=J2-P7
Removed Pin From Net: NetName=VCC5V Pin=J2-P8
Removed Pin From Net: NetName=VCC5V Pin=J2-P9
Removed Pin From Net: NetName=VCC5V Pin=J3-P7
Removed Pin From Net: NetName=VCC5V Pin=J3-P8
Removed Pin From Net: NetName=VCC5V Pin=J3-P9
Removed Pin From Net: NetName=VCC5V Pin=L1-1
Removed Pin From Net: NetName=VCC1V0 Pin=L2-1
Removed Pin From Net: NetName=VCC3V3 Pin=L3-1
Removed Pin From Net: NetName=VCC12V Pin=R3-1
Removed Pin From Net: NetName=VCC5V Pin=R5-2
Removed Pin From Net: NetName=GND Pin=R7-1
Removed Pin From Net: NetName=VBUS Pin=R9-1
Removed Pin From Net: NetName=VBUS Pin=R10-1
Removed Pin From Net: NetName=GND Pin=R13-2
Removed Pin From Net: NetName=VCC1V0 Pin=R14-1
Removed Pin From Net: NetName=VCC3V3 Pin=R15-1
Removed Pin From Net: NetName=GND Pin=R16-2
Removed Pin From Net: NetName=GND Pin=R17-2
Removed Pin From Net: NetName=VCC3V3 Pin=R20-1
Removed Pin From Net: NetName=VCC3V3 Pin=R21-1
Removed Pin From Net: NetName=VCC3V3 Pin=R22-1
Removed Pin From Net: NetName=VCC3V3 Pin=R23-1
Removed Pin From Net: NetName=VCC3V3 Pin=R24-1
Removed Pin From Net: NetName=VCC3V3 Pin=R25-1
Removed Pin From Net: NetName=VCC5V Pin=U1-5
Removed Pin From Net: NetName=VCC5V Pin=U1-6
Removed Pin From Net: NetName=GND Pin=U1-8
Removed Pin From Net: NetName=GND Pin=U1-10
Removed Pin From Net: NetName=GND Pin=U1-11
Removed Pin From Net: NetName=VCC12V Pin=U1-12
Removed Pin From Net: NetName=GND Pin=U1-15
Removed Pin From Net: NetName=VCC12V Pin=U1-19
Removed Pin From Net: NetName=GND Pin=U1-20
Removed Pin From Net: NetName=GND Pin=U1-21
Removed Pin From Net: NetName=GND Pin=U2-5
Removed Pin From Net: NetName=VBUS Pin=U2-7
Removed Pin From Net: NetName=NetR42_1 Pin=U10-65
Removed Pin From Net: NetName=NetR41_1 Pin=U10-66
Removed Member From Class: ClassName=pwr Member=R13
Removed Member From Class: ClassName=pwr Member=R14
Removed Member From Class: ClassName=pwr Member=R15
Removed Member From Class: ClassName=pwr Member=R16
Removed Member From Class: ClassName=pwr Member=R17
Removed Member From Class: ClassName=PWR Member=VCC1V0
Removed Member From Class: ClassName=PWR Member=VCC3V3-A
Removed Member From Class: ClassName=PWR Member=VCC3V3-B
Removed Member From Class: ClassName=PWR Member=VCC3V3-C
Removed Member From Class: ClassName=PWR Member=VCC3V3
Removed Member From Class: ClassName=PWR Member=VCC5V
Change Component Footprint: Designator=C11 Old Footprint=C0402_L New Footprint=C0603_L
Change Component Footprint: Designator=C15 Old Footprint=C0603_L New Footprint=C0402_L
Change Component Footprint: Designator=C16 Old Footprint=C0603_L New Footprint=C0402_L
Change Component Footprint: Designator=C17 Old Footprint=C0603_L New Footprint=C0402_L
Change Component Footprint: Designator=C3 Old Footprint=C0805_L New Footprint=C0402_L
Change Component Footprint: Designator=C4 Old Footprint=C0805_L New Footprint=C0402_L
Change Component Footprint: Designator=C6 Old Footprint=C0805_L New Footprint=C0402_L
Change Component Footprint: Designator=C8 Old Footprint=C0805_L New Footprint=C0402_L
Change Component Footprint: Designator=C9 Old Footprint=C0805_L New Footprint=C0402_L
Change Component Footprint: Designator=C10 Old Footprint=C0805_L New Footprint=C0402_L
Change Component Footprint: Designator=U1 Old Footprint=MP8757 New Footprint=SOT23-6L
Change Component Footprint: Designator=L2 Old Footprint=NR4020 New Footprint=SMMS0420
Change Component Footprint: Designator=L3 Old Footprint=NR4020 New Footprint=SMMS0420
Change Component Footprint: Designator=L1 Old Footprint=NR8040 New Footprint=SMMS0420
Change Component Footprint: Designator=U2 Old Footprint=SOT23-8 New Footprint=SOT23-6L
Change Component Comment : Designator=R2 Old Comment=1M 1% New Comment=100K 1%
Change Component Comment : Designator=C11 Old Comment=1uF 25V New Comment=22uF 10V
Change Component Comment : Designator=L2 Old Comment=1uH New Comment=10uH
Change Component Comment : Designator=L1 Old Comment=2.2uH New Comment=4.7uH
Change Component Comment : Designator=L3 Old Comment=2uH New Comment=1.5uH
Change Component Comment : Designator=R1 Old Comment=4.7R 1% New Comment=100K 1%
Change Component Comment : Designator=C14 Old Comment=4.7uF 6.3V New Comment=22uF 10V
Change Component Comment : Designator=C17 Old Comment=4.7uF 6.3V New Comment=100nF 50V
Change Component Comment : Designator=C5 Old Comment=4.7uF 25V New Comment=22uF 10V
Change Component Comment : Designator=R7 Old Comment=18K 1% New Comment=66.5K 1%
Change Component Comment : Designator=C15 Old Comment=22uF 6.3V New Comment=100nF 50V
Change Component Comment : Designator=C16 Old Comment=22uF 6.3V New Comment=100nF 50V
Change Component Comment : Designator=C7 Old Comment=22uF 10V New Comment=22uF 25V
Change Component Comment : Designator=C9 Old Comment=22uF 10V New Comment=56PF 50V
Change Component Comment : Designator=C10 Old Comment=22uF 10V New Comment=68PF 50V
Change Component Comment : Designator=C8 Old Comment=22uF 10V New Comment=100nF 50V
Change Component Comment : Designator=C3 Old Comment=22uF 25V New Comment=100nF 50V
Change Component Comment : Designator=C4 Old Comment=22uF 25V New Comment=100nF 50V
Change Component Comment : Designator=R9 Old Comment=100K 1% New Comment=13.7K 1%
Change Component Comment : Designator=R6 Old Comment=100K 5% New Comment=100K 1%
Change Component Comment : Designator=C6 Old Comment=100nF 25V New Comment=100nF 50V
Change Component Comment : Designator=R12 Old Comment=130K 1% New Comment=13.7K 1%
Change Component Comment : Designator=R5 Old Comment=150K 1% New Comment=100K 1%
Change Component Comment : Designator=C1 Old Comment=220nF 25V New Comment=100nF 50V
Change Component Comment : Designator=C2 Old Comment=220pF 25V New Comment=100nF 50V
Change Component Comment : Designator=R3 Old Comment=499K 5% New Comment=22.1K 1%
Change Component Comment : Designator=R4 Old Comment=499R 1% New Comment=13.7K 1%
Change Component Comment : Designator=U1 Old Comment=MP8757 New Comment=TPS54202DDCR
Change Component Comment : Designator=U2 Old Comment=MP9148 New Comment=TPS54202DDCR
Change Component Comment : Designator=J4 Old Comment=Typec 24p New Comment=TYPEC-501S-ACP24H92
Added Component: Designator=C128(C0402_L)
Add component (AddParameter): Name = "BOM名称"; Value = "无极性贴片电容"; VariantName = "[No Variations]"
Add component (AddParameter): Name = "学习资源"; Value = "www.ooocke.com"; VariantName = "[No Variations]"
Add component (AddParameter): Name = "材质"; Value = "X7R"; VariantName = "[No Variations]"
Add component (AddParameter): Name = "版权归属"; Value = "源创客"; VariantName = "[No Variations]"
Added Component: Designator=C129(C0805_L)
Add component (AddParameter): Name = "BOM名称"; Value = "无极性贴片电容"; VariantName = "[No Variations]"
Add component (AddParameter): Name = "学习资源"; Value = "www.ooocke.com"; VariantName = "[No Variations]"
Add component (AddParameter): Name = "材质"; Value = "X7R"; VariantName = "[No Variations]"
Add component (AddParameter): Name = "版权归属"; Value = "源创客"; VariantName = "[No Variations]"
Added Component: Designator=C130(C0402_L)
Add component (AddParameter): Name = "BOM名称"; Value = "无极性贴片电容"; VariantName = "[No Variations]"
Add component (AddParameter): Name = "学习资源"; Value = "www.ooocke.com"; VariantName = "[No Variations]"
Add component (AddParameter): Name = "材质"; Value = "X7R"; VariantName = "[No Variations]"
Add component (AddParameter): Name = "版权归属"; Value = "源创客"; VariantName = "[No Variations]"
Added Component: Designator=C131(C0805_L)
Add component (AddParameter): Name = "BOM名称"; Value = "无极性贴片电容"; VariantName = "[No Variations]"
Add component (AddParameter): Name = "学习资源"; Value = "www.ooocke.com"; VariantName = "[No Variations]"
Add component (AddParameter): Name = "材质"; Value = "X7R"; VariantName = "[No Variations]"
Add component (AddParameter): Name = "版权归属"; Value = "源创客"; VariantName = "[No Variations]"
Added Component: Designator=C132(C0402_L)
Add component (AddParameter): Name = "BOM名称"; Value = "无极性贴片电容"; VariantName = "[No Variations]"
Add component (AddParameter): Name = "学习资源"; Value = "www.ooocke.com"; VariantName = "[No Variations]"
Add component (AddParameter): Name = "材质"; Value = "X7R"; VariantName = "[No Variations]"
Add component (AddParameter): Name = "版权归属"; Value = "源创客"; VariantName = "[No Variations]"
Added Component: Designator=C133(C0402_L)
Add component (AddParameter): Name = "BOM名称"; Value = "无极性贴片电容"; VariantName = "[No Variations]"
Add component (AddParameter): Name = "学习资源"; Value = "www.ooocke.com"; VariantName = "[No Variations]"
Add component (AddParameter): Name = "材质"; Value = "X7R"; VariantName = "[No Variations]"
Add component (AddParameter): Name = "版权归属"; Value = "源创客"; VariantName = "[No Variations]"
Added Component: Designator=C134(C0402_L)
Add component (AddParameter): Name = "BOM名称"; Value = "无极性贴片电容"; VariantName = "[No Variations]"
Add component (AddParameter): Name = "学习资源"; Value = "www.ooocke.com"; VariantName = "[No Variations]"
Add component (AddParameter): Name = "材质"; Value = "X7R"; VariantName = "[No Variations]"
Add component (AddParameter): Name = "版权归属"; Value = "源创客"; VariantName = "[No Variations]"
Added Component: Designator=C135(C0603_L)
Add component (AddParameter): Name = "BOM名称"; Value = "无极性贴片电容"; VariantName = "[No Variations]"
Add component (AddParameter): Name = "学习资源"; Value = "www.ooocke.com"; VariantName = "[No Variations]"
Add component (AddParameter): Name = "材质"; Value = "X7R"; VariantName = "[No Variations]"
Add component (AddParameter): Name = "版权归属"; Value = "源创客"; VariantName = "[No Variations]"
Added Component: Designator=C136(C0603_L)
Add component (AddParameter): Name = "BOM名称"; Value = "无极性贴片电容"; VariantName = "[No Variations]"
Add component (AddParameter): Name = "学习资源"; Value = "www.ooocke.com"; VariantName = "[No Variations]"
Add component (AddParameter): Name = "材质"; Value = "X7R"; VariantName = "[No Variations]"
Add component (AddParameter): Name = "版权归属"; Value = "源创客"; VariantName = "[No Variations]"
Added Component: Designator=C137(C0603_L)
Add component (AddParameter): Name = "BOM名称"; Value = "无极性贴片电容"; VariantName = "[No Variations]"
Add component (AddParameter): Name = "学习资源"; Value = "www.ooocke.com"; VariantName = "[No Variations]"
Add component (AddParameter): Name = "材质"; Value = "X7R"; VariantName = "[No Variations]"
Add component (AddParameter): Name = "版权归属"; Value = "源创客"; VariantName = "[No Variations]"
Added Component: Designator=C138(C0603_L)
Add component (AddParameter): Name = "BOM名称"; Value = "无极性贴片电容"; VariantName = "[No Variations]"
Add component (AddParameter): Name = "学习资源"; Value = "www.ooocke.com"; VariantName = "[No Variations]"
Add component (AddParameter): Name = "材质"; Value = "X7R"; VariantName = "[No Variations]"
Add component (AddParameter): Name = "版权归属"; Value = "源创客"; VariantName = "[No Variations]"
Added Component: Designator=C139(C0402_L)
Add component (AddParameter): Name = "BOM名称"; Value = "无极性贴片电容"; VariantName = "[No Variations]"
Add component (AddParameter): Name = "学习资源"; Value = "www.ooocke.com"; VariantName = "[No Variations]"
Add component (AddParameter): Name = "材质"; Value = "X7R"; VariantName = "[No Variations]"
Add component (AddParameter): Name = "版权归属"; Value = "源创客"; VariantName = "[No Variations]"
Added Component: Designator=C140(C0402_L)
Add component (AddParameter): Name = "BOM名称"; Value = "无极性贴片电容"; VariantName = "[No Variations]"
Add component (AddParameter): Name = "学习资源"; Value = "www.ooocke.com"; VariantName = "[No Variations]"
Add component (AddParameter): Name = "材质"; Value = "X7R"; VariantName = "[No Variations]"
Add component (AddParameter): Name = "版权归属"; Value = "源创客"; VariantName = "[No Variations]"
Added Component: Designator=C141(C0805_L)
Add component (AddParameter): Name = "BOM名称"; Value = "无极性贴片电容"; VariantName = "[No Variations]"
Add component (AddParameter): Name = "学习资源"; Value = "www.ooocke.com"; VariantName = "[No Variations]"
Add component (AddParameter): Name = "材质"; Value = "X7R"; VariantName = "[No Variations]"
Add component (AddParameter): Name = "版权归属"; Value = "源创客"; VariantName = "[No Variations]"
Added Component: Designator=C142(C0402_L)
Add component (AddParameter): Name = "BOM名称"; Value = "无极性贴片电容"; VariantName = "[No Variations]"
Add component (AddParameter): Name = "学习资源"; Value = "www.ooocke.com"; VariantName = "[No Variations]"
Add component (AddParameter): Name = "材质"; Value = "X7R"; VariantName = "[No Variations]"
Add component (AddParameter): Name = "版权归属"; Value = "源创客"; VariantName = "[No Variations]"
Added Component: Designator=C143(C0402_L)
Add component (AddParameter): Name = "BOM名称"; Value = "无极性贴片电容"; VariantName = "[No Variations]"
Add component (AddParameter): Name = "学习资源"; Value = "www.ooocke.com"; VariantName = "[No Variations]"
Add component (AddParameter): Name = "材质"; Value = "X7R"; VariantName = "[No Variations]"
Add component (AddParameter): Name = "版权归属"; Value = "源创客"; VariantName = "[No Variations]"
Added Component: Designator=C144(C0603_L)
Add component (AddParameter): Name = "BOM名称"; Value = "无极性贴片电容"; VariantName = "[No Variations]"
Add component (AddParameter): Name = "学习资源"; Value = "www.ooocke.com"; VariantName = "[No Variations]"
Add component (AddParameter): Name = "材质"; Value = "X7R"; VariantName = "[No Variations]"
Add component (AddParameter): Name = "版权归属"; Value = "源创客"; VariantName = "[No Variations]"
Added Component: Designator=C145(C0603_L)
Add component (AddParameter): Name = "BOM名称"; Value = "无极性贴片电容"; VariantName = "[No Variations]"
Add component (AddParameter): Name = "学习资源"; Value = "www.ooocke.com"; VariantName = "[No Variations]"
Add component (AddParameter): Name = "材质"; Value = "X7R"; VariantName = "[No Variations]"
Add component (AddParameter): Name = "版权归属"; Value = "源创客"; VariantName = "[No Variations]"
Added Component: Designator=L7(SMMS0420)
Add component (AddParameter): Name = "BOM名称"; Value = "小功率贴片电感"; VariantName = "[No Variations]"
Add component (AddParameter): Name = "学习资源"; Value = "www.ooocke.com"; VariantName = "[No Variations]"
Add component (AddParameter): Name = "版权归属"; Value = "源创客"; VariantName = "[No Variations]"
Added Component: Designator=L8(SMMS0420)
Add component (AddParameter): Name = "BOM名称"; Value = "小功率贴片电感"; VariantName = "[No Variations]"
Add component (AddParameter): Name = "学习资源"; Value = "www.ooocke.com"; VariantName = "[No Variations]"
Add component (AddParameter): Name = "版权归属"; Value = "源创客"; VariantName = "[No Variations]"
Added Component: Designator=TP1(m3内嵌螺母贴片)
Add component (AddParameter): Name = "BOM名称"; Value = "测试点"; VariantName = "[No Variations]"
Add component (AddParameter): Name = "学习资源"; Value = "www.ooocke.com"; VariantName = "[No Variations]"
Add component (AddParameter): Name = "版权归属"; Value = "源创客"; VariantName = "[No Variations]"
Added Component: Designator=U14(SOT23-6L)
Added Component: Designator=U15(SOT23-6L)
Added Component: Designator=U16(SOT23-6L)
Added Pin To Net: NetName=VCC3V3 Pin=C1-1
Added Pin To Net: NetName=GND Pin=C1-2
Added Pin To Net: NetName=GND Pin=C2-2
Added Pin To Net: NetName=VBUS Pin=C5-2
Added Pin To Net: NetName=VBUS Pin=C6-2
Added Pin To Net: NetName=VCC12V Pin=C7-2
Added Pin To Net: NetName=VCC12V Pin=C8-2
Added Pin To Net: NetName=VCC3V3 Pin=C9-2
Added Pin To Net: NetName=VCC3V3 Pin=C11-1
Added Pin To Net: NetName=GND Pin=C11-2
Added Pin To Net: NetName=VCC3V3 Pin=C12-1
Added Pin To Net: NetName=GND Pin=C12-2
Added Pin To Net: NetName=GND Pin=C13-2
Added Pin To Net: NetName=GND Pin=C14-2
Added Pin To Net: NetName=VCC1V0 Pin=C15-1
Added Pin To Net: NetName=GND Pin=C15-2
Added Pin To Net: NetName=GND Pin=C16-2
Added Pin To Net: NetName=GND Pin=C129-1
Added Pin To Net: NetName=VBUS Pin=C129-2
Added Pin To Net: NetName=GND Pin=C130-1
Added Pin To Net: NetName=VBUS Pin=C130-2
Added Pin To Net: NetName=GND Pin=C131-1
Added Pin To Net: NetName=VCC12V Pin=C131-2
Added Pin To Net: NetName=GND Pin=C132-1
Added Pin To Net: NetName=VCC12V Pin=C132-2
Added Pin To Net: NetName=VCC1V0 Pin=C133-2
Added Pin To Net: NetName=VCC1V0 Pin=C135-1
Added Pin To Net: NetName=GND Pin=C135-2
Added Pin To Net: NetName=VCC1V0 Pin=C136-1
Added Pin To Net: NetName=GND Pin=C136-2
Added Pin To Net: NetName=GND Pin=C137-2
Added Pin To Net: NetName=GND Pin=C138-2
Added Pin To Net: NetName=GND Pin=C139-2
Added Pin To Net: NetName=GND Pin=C141-1
Added Pin To Net: NetName=VCC12V Pin=C141-2
Added Pin To Net: NetName=GND Pin=C142-1
Added Pin To Net: NetName=VCC12V Pin=C142-2
Added Pin To Net: NetName=GND Pin=C144-2
Added Pin To Net: NetName=GND Pin=C145-2
Added Pin To Net: NetName=VCC3V3 Pin=L1-2
Added Pin To Net: NetName=VCC1V0 Pin=L3-2
Added Pin To Net: NetName=VCC3V3 Pin=R1-1
Added Pin To Net: NetName=GND Pin=R3-2
Added Pin To Net: NetName=GND Pin=R4-2
Added Pin To Net: NetName=VCC1V0 Pin=R5-1
Added Pin To Net: NetName=GND Pin=R7-2
Added Pin To Net: NetName=GND Pin=R9-2
Add Pin To Net: Unknown Pin: Pin TP1-1
Add Pin To Net: Unknown Pin: Pin TP2-1
Add Pin To Net: Unknown Pin: Pin TP3-1
Add Pin To Net: Unknown Pin: Pin TP4-1
Added Pin To Net: NetName=GND Pin=U1-1
Added Pin To Net: NetName=VBUS Pin=U1-3
Added Pin To Net: NetName=GND Pin=U2-1
Added Pin To Net: NetName=VCC12V Pin=U2-3
Added Pin To Net: NetName=NetR41_1 Pin=U10-65
Added Pin To Net: NetName=NetR42_1 Pin=U10-66
Added Pin To Net: NetName=GND Pin=U14-1
Added Pin To Net: NetName=VBUS Pin=U14-3
Added Pin To Net: NetName=GND Pin=U15-1
Added Pin To Net: NetName=VCC12V Pin=U15-3
Added Pin To Net: NetName=GND Pin=U16-1
Added Pin To Net: NetName=VCC12V Pin=U16-3
Change Net Name : Old Net Name=VCC1V0 New Net Name=VCC1.05V-VL822
Change Net Name : Old Net Name=VCC3V3 New Net Name=VCC3.3V-VL822
Change Net Color : Old Net Color=RGB(103, 78, 167) New Net Color=RGB(53, 28, 117)
Added Pin To Net: NetName=NetC3_1 Pin=C3-1
Added Pin To Net: NetName=NetC3_1 Pin=U1-6
Added Net: Name=NetC3_1
Added Pin To Net: NetName=NetC3_2 Pin=C3-2
Added Pin To Net: NetName=NetC3_2 Pin=L1-1
Added Pin To Net: NetName=NetC3_2 Pin=U1-2
Added Net: Name=NetC3_2
Added Pin To Net: NetName=NetC4_1 Pin=C4-1
Added Pin To Net: NetName=NetC4_1 Pin=U2-6
Added Net: Name=NetC4_1
Added Pin To Net: NetName=NetC4_2 Pin=C4-2
Added Pin To Net: NetName=NetC4_2 Pin=L2-1
Added Pin To Net: NetName=NetC4_2 Pin=U2-2
Added Net: Name=NetC4_2
Added Pin To Net: NetName=NetC9_1 Pin=C9-1
Added Pin To Net: NetName=NetC9_1 Pin=R1-2
Added Pin To Net: NetName=NetC9_1 Pin=R3-1
Added Pin To Net: NetName=NetC9_1 Pin=U1-4
Added Net: Name=NetC9_1
Added Pin To Net: NetName=NetC10_1 Pin=C10-1
Added Pin To Net: NetName=NetC10_1 Pin=R2-2
Added Pin To Net: NetName=NetC10_1 Pin=R4-1
Added Pin To Net: NetName=NetC10_1 Pin=U2-4
Added Net: Name=NetC10_1
Added Pin To Net: NetName=NetC17_1 Pin=C17-1
Added Pin To Net: NetName=NetC17_1 Pin=U14-6
Added Net: Name=NetC17_1
Added Pin To Net: NetName=NetC17_2 Pin=C17-2
Added Pin To Net: NetName=NetC17_2 Pin=L3-1
Added Pin To Net: NetName=NetC17_2 Pin=U14-2
Added Net: Name=NetC17_2
Added Pin To Net: NetName=NetC128_1 Pin=C128-1
Added Pin To Net: NetName=NetC128_1 Pin=U15-6
Added Net: Name=NetC128_1
Added Pin To Net: NetName=NetC128_2 Pin=C128-2
Added Pin To Net: NetName=NetC128_2 Pin=L7-1
Added Pin To Net: NetName=NetC128_2 Pin=U15-2
Added Net: Name=NetC128_2
Added Pin To Net: NetName=NetC133_1 Pin=C133-1
Added Pin To Net: NetName=NetC133_1 Pin=R5-2
Added Pin To Net: NetName=NetC133_1 Pin=R7-1
Added Pin To Net: NetName=NetC133_1 Pin=U14-4
Added Net: Name=NetC133_1
Added Pin To Net: NetName=NetC134_1 Pin=C134-1
Added Pin To Net: NetName=NetC134_1 Pin=R6-2
Added Pin To Net: NetName=NetC134_1 Pin=R9-1
Added Pin To Net: NetName=NetC134_1 Pin=U15-4
Added Net: Name=NetC134_1
Added Pin To Net: NetName=NetC140_1 Pin=C140-1
Added Pin To Net: NetName=NetC140_1 Pin=U16-6
Added Net: Name=NetC140_1
Added Pin To Net: NetName=NetC140_2 Pin=C140-2
Added Pin To Net: NetName=NetC140_2 Pin=L8-1
Added Pin To Net: NetName=NetC140_2 Pin=U16-2
Added Net: Name=NetC140_2
Added Pin To Net: NetName=NetC143_1 Pin=C143-1
Added Pin To Net: NetName=NetC143_1 Pin=R10-2
Added Pin To Net: NetName=NetC143_1 Pin=R12-1
Added Pin To Net: NetName=NetC143_1 Pin=U16-4
Added Net: Name=NetC143_1
Added Pin To Net: NetName=VCC3V3 Pin=R20-1
Added Pin To Net: NetName=VCC3V3 Pin=R21-1
Added Pin To Net: NetName=VCC3V3 Pin=R22-1
Added Pin To Net: NetName=VCC3V3 Pin=R23-1
Added Pin To Net: NetName=VCC3V3 Pin=R24-1
Added Pin To Net: NetName=VCC3V3 Pin=R25-1
Added Net: Name=VCC3V3
Added Pin To Net: NetName=VCC5V-A Pin=C2-1
Added Pin To Net: NetName=VCC5V-A Pin=C10-2
Added Pin To Net: NetName=VCC5V-A Pin=C13-1
Added Pin To Net: NetName=VCC5V-A Pin=C14-1
Added Pin To Net: NetName=VCC5V-A Pin=J1-P7
Added Pin To Net: NetName=VCC5V-A Pin=J1-P8
Added Pin To Net: NetName=VCC5V-A Pin=J1-P9
Added Pin To Net: NetName=VCC5V-A Pin=L2-2
Added Pin To Net: NetName=VCC5V-A Pin=R2-1
Added Net: Name=VCC5V-A
Added Pin To Net: NetName=VCC5V-B Pin=C16-1
Added Pin To Net: NetName=VCC5V-B Pin=C134-2
Added Pin To Net: NetName=VCC5V-B Pin=C137-1
Added Pin To Net: NetName=VCC5V-B Pin=C138-1
Added Pin To Net: NetName=VCC5V-B Pin=J2-P7
Added Pin To Net: NetName=VCC5V-B Pin=J2-P8
Added Pin To Net: NetName=VCC5V-B Pin=J2-P9
Added Pin To Net: NetName=VCC5V-B Pin=L7-2
Added Pin To Net: NetName=VCC5V-B Pin=R6-1
Added Net: Name=VCC5V-B
Added Pin To Net: NetName=VCC5V-C Pin=C139-1
Added Pin To Net: NetName=VCC5V-C Pin=C143-2
Added Pin To Net: NetName=VCC5V-C Pin=C144-1
Added Pin To Net: NetName=VCC5V-C Pin=C145-1
Added Pin To Net: NetName=VCC5V-C Pin=J3-P7
Added Pin To Net: NetName=VCC5V-C Pin=J3-P8
Added Pin To Net: NetName=VCC5V-C Pin=J3-P9
Added Pin To Net: NetName=VCC5V-C Pin=L8-2
Added Pin To Net: NetName=VCC5V-C Pin=R10-1
Added Net: Name=VCC5V-C
Added Member To Class: ClassName=pwr Member=Component C128 100nF 50V
Added Member To Class: ClassName=pwr Member=Component C129 22uF 25V
Added Member To Class: ClassName=pwr Member=Component C130 100nF 50V
Added Member To Class: ClassName=pwr Member=Component C131 22uF 25V
Added Member To Class: ClassName=pwr Member=Component C132 100nF 50V
Added Member To Class: ClassName=pwr Member=Component C133 150PF 50V
Added Member To Class: ClassName=pwr Member=Component C134 68PF 50V
Added Member To Class: ClassName=pwr Member=Component C135 22uF 10V
Added Member To Class: ClassName=pwr Member=Component C136 22uF 10V
Added Member To Class: ClassName=pwr Member=Component C137 22uF 10V
Added Member To Class: ClassName=pwr Member=Component C138 22uF 10V
Added Member To Class: ClassName=pwr Member=Component C139 100nF 50V
Added Member To Class: ClassName=pwr Member=Component C140 100nF 50V
Added Member To Class: ClassName=pwr Member=Component C141 22uF 25V
Added Member To Class: ClassName=pwr Member=Component C142 100nF 50V
Added Member To Class: ClassName=pwr Member=Component C143 68PF 50V
Added Member To Class: ClassName=pwr Member=Component C144 22uF 10V
Added Member To Class: ClassName=pwr Member=Component C145 22uF 10V
Added Member To Class: ClassName=pwr Member=Component L7 10uH
Added Member To Class: ClassName=pwr Member=Component L8 10uH
Added Member To Class: ClassName=connector Member=Component TP1 M3hole
Added Member To Class: ClassName=pwr Member=Component U14 TPS54202DDCR
Added Member To Class: ClassName=pwr Member=Component U15 TPS54202DDCR
Added Member To Class: ClassName=pwr Member=Component U16 TPS54202DDCR
Added Member To Class: ClassName=PWR Member=Wire VCC1.05V-VL822
Added Member To Class: ClassName=PWR Member=Wire VCC3.3V-VL822
Added Member To Class: ClassName=PWR Member=Wire VCC5V-A
Added Member To Class: ClassName=PWR Member=Wire VCC5V-B
Added Member To Class: ClassName=PWR Member=Wire VCC5V-C
