Removed Pin From Net: NetName=VIN Pin=Q2-1
Removed Pin From Net: NetName=VIN Pin=Q2-2
Removed Pin From Net: NetName=VIN Pin=Q2-3
Removed Pin From Net: NetName=NetC127_2 Pin=Q2-4
Removed Pin From Net: NetName=VCC12V Pin=Q2-5
Removed Pin From Net: NetName=VCC12V Pin=Q2-5
Removed Pin From Net: NetName=VCC12V Pin=Q2-5
Removed Pin From Net: NetName=VCC12V Pin=Q2-5
Removed Pin From Net: NetName=VCC12V Pin=Q2-5
Change Component Footprint: Designator=Q1 Old Footprint=DFN8-L3.0-W3.0-P0.65_EP New Footprint=DFN8_5*6
Change Component Comment : Designator=Q1 Old Comment=AO3401 New Comment=Pmos_SOP8
Added Pin To Net: NetName=VIN Pin=Q1-1
Added Pin To Net: NetName=VIN Pin=Q1-2
Added Pin To Net: NetName=VIN Pin=Q1-3
Added Pin To Net: NetName=NetC127_2 Pin=Q1-4
Added Pin To Net: NetName=VCC12V Pin=Q1-5
Added Pin To Net: NetName=VCC12V Pin=Q1-5
Added Pin To Net: NetName=VCC12V Pin=Q1-5
Added Pin To Net: NetName=VCC12V Pin=Q1-5
Added Pin To Net: NetName=VCC12V Pin=Q1-5
Add Pin To Net: Unknown Pin: Pin Q1-6
Add Pin To Net: Unknown Pin: Pin Q1-7
Add Pin To Net: Unknown Pin: Pin Q1-8
Add Pin To Net: Unknown Pin: Pin TP1-1
Add Pin To Net: Unknown Pin: Pin TP2-1
Add Pin To Net: Unknown Pin: Pin TP3-1
Add Pin To Net: Unknown Pin: Pin TP4-1
